MPLINK 5.08, LINKER
Linker Map File - Created Mon Feb 01 01:59:26 2016

                                 Section Info
                  Section       Type    Address   Location Size(Bytes)
                ---------  ---------  ---------  ---------  ---------
                   .org_0       code   0x000000    program   0x000004
                   .cinit    romdata   0x000004    program   0x000002
                   .org_1       code   0x000008    program   0x000002
                   .org_2       code   0x000018    program   0x000002
                    .code       code   0x00001a    program   0x000106
                    dbgP0       code   0x00fdc0    program   0x000240
.config_300001_BUILD/DEFAULT/DEBUG/_EXT/1472/LC    romdata   0x300001    program   0x000001
.config_300002_BUILD/DEFAULT/DEBUG/_EXT/1472/LC    romdata   0x300002    program   0x000001
.config_300003_BUILD/DEFAULT/DEBUG/_EXT/1472/LC    romdata   0x300003    program   0x000001
.config_300005_BUILD/DEFAULT/DEBUG/_EXT/1472/LC    romdata   0x300005    program   0x000001
.config_300006_BUILD/DEFAULT/DEBUG/_EXT/1472/LC    romdata   0x300006    program   0x000001
.config_300008_BUILD/DEFAULT/DEBUG/_EXT/1472/LC    romdata   0x300008    program   0x000001
.config_300009_BUILD/DEFAULT/DEBUG/_EXT/1472/LC    romdata   0x300009    program   0x000001
.config_30000A_BUILD/DEFAULT/DEBUG/_EXT/1472/LC    romdata   0x30000a    program   0x000001
.config_30000B_BUILD/DEFAULT/DEBUG/_EXT/1472/LC    romdata   0x30000b    program   0x000001
.config_30000C_BUILD/DEFAULT/DEBUG/_EXT/1472/LC    romdata   0x30000c    program   0x000001
.config_30000D_BUILD/DEFAULT/DEBUG/_EXT/1472/LC    romdata   0x30000d    program   0x000001
                   .udata      udata   0x000080       data   0x000003
                    dbgD0      udata   0x000ef4       data   0x00000c



                              Program Memory Usage 
                               Start         End      
                           ---------   ---------      
                            0x000000    0x000005      
                            0x000008    0x000009      
                            0x000018    0x00011f      
                            0x00fdc0    0x00ffff      
                            0x300001    0x300003      
                            0x300005    0x300006      
                            0x300008    0x30000d      
            859 out of 66584 program addresses used, program memory utilization is 1%



                              Symbols - Sorted by Name
                     Name    Address   Location    Storage File                     
                ---------  ---------  ---------  --------- ---------                
                   ClkLCD   0x000096    program     extern ..\lcd18.asm             
                   ClrLCD   0x000088    program     extern ..\lcd18.asm             
                     Init   0x0000c8    program     static ..\lcd_keypad18.asm      
                  InitLCD   0x00001a    program     extern ..\lcd18.asm             
              KPHexToChar   0x0000fe    program     static ..\lcd_keypad18.asm      
                 LLD_LOOP   0x0000b6    program     static ..\lcd18.asm             
                   MovMSB   0x0000a8    program     static ..\lcd18.asm             
                   WrtLCD   0x000072    program     extern ..\lcd18.asm             
              _.code_002E   0x0000f6    program     static ..\lcd_keypad18.asm      
              _.code_0088   0x0000a2    program     static ..\lcd18.asm             
              _.code_00A2   0x0000bc    program     static ..\lcd18.asm             
             lcdLongDelay   0x0000b2    program     static ..\lcd18.asm             
                     test   0x0000e0    program     static ..\lcd_keypad18.asm      
                   lcd_d1   0x000081       data     static ..\lcd18.asm             
                   lcd_d2   0x000082       data     static ..\lcd18.asm             
                  lcd_tmp   0x000080       data     static ..\lcd18.asm             



                              Symbols - Sorted by Address
                     Name    Address   Location    Storage File                     
                ---------  ---------  ---------  --------- ---------                
                  InitLCD   0x00001a    program     extern ..\lcd18.asm             
                   WrtLCD   0x000072    program     extern ..\lcd18.asm             
                   ClrLCD   0x000088    program     extern ..\lcd18.asm             
                   ClkLCD   0x000096    program     extern ..\lcd18.asm             
              _.code_0088   0x0000a2    program     static ..\lcd18.asm             
                   MovMSB   0x0000a8    program     static ..\lcd18.asm             
             lcdLongDelay   0x0000b2    program     static ..\lcd18.asm             
                 LLD_LOOP   0x0000b6    program     static ..\lcd18.asm             
              _.code_00A2   0x0000bc    program     static ..\lcd18.asm             
                     Init   0x0000c8    program     static ..\lcd_keypad18.asm      
                     test   0x0000e0    program     static ..\lcd_keypad18.asm      
              _.code_002E   0x0000f6    program     static ..\lcd_keypad18.asm      
              KPHexToChar   0x0000fe    program     static ..\lcd_keypad18.asm      
                  lcd_tmp   0x000080       data     static ..\lcd18.asm             
                   lcd_d1   0x000081       data     static ..\lcd18.asm             
                   lcd_d2   0x000082       data     static ..\lcd18.asm             


