MPLINK 5.08, LINKER
Linker Map File - Created Tue Feb 02 02:09:24 2016

                                 Section Info
                  Section       Type    Address   Location Size(Bytes)
                ---------  ---------  ---------  ---------  ---------
                   .org_0       code   0x000000    program   0x000004
                   .cinit    romdata   0x000004    program   0x000002
                   .org_1       code   0x000008    program   0x000004
                   .org_2       code   0x000018    program   0x0004c8
.config_300001_BUILD/DEFAULT/PRODUCTION/MAIN.O    romdata   0x300001    program   0x000001
.config_300002_BUILD/DEFAULT/PRODUCTION/MAIN.O    romdata   0x300002    program   0x000001
.config_300003_BUILD/DEFAULT/PRODUCTION/MAIN.O    romdata   0x300003    program   0x000001
.config_300005_BUILD/DEFAULT/PRODUCTION/MAIN.O    romdata   0x300005    program   0x000001
.config_300006_BUILD/DEFAULT/PRODUCTION/MAIN.O    romdata   0x300006    program   0x000001
.config_300008_BUILD/DEFAULT/PRODUCTION/MAIN.O    romdata   0x300008    program   0x000001
.config_300009_BUILD/DEFAULT/PRODUCTION/MAIN.O    romdata   0x300009    program   0x000001
.config_30000A_BUILD/DEFAULT/PRODUCTION/MAIN.O    romdata   0x30000a    program   0x000001
.config_30000B_BUILD/DEFAULT/PRODUCTION/MAIN.O    romdata   0x30000b    program   0x000001
.config_30000C_BUILD/DEFAULT/PRODUCTION/MAIN.O    romdata   0x30000c    program   0x000001
.config_30000D_BUILD/DEFAULT/PRODUCTION/MAIN.O    romdata   0x30000d    program   0x000001



                              Program Memory Usage 
                               Start         End      
                           ---------   ---------      
                            0x000000    0x000005      
                            0x000008    0x00000b      
                            0x000018    0x0004df      
                            0x300001    0x300003      
                            0x300005    0x300006      
                            0x300008    0x30000d      
            1245 out of 66584 program addresses used, program memory utilization is 1%



                              Symbols - Sorted by Name
                     Name    Address   Location    Storage File                     
                ---------  ---------  ---------  --------- ---------                
        ButtonJustPressed   0x000346    program     static C:\Users\micha\Documents\AER201\AER201\aer201.X\main.asm
                 ClearLCD   0x0004ac    program     static C:\Users\micha\Documents\AER201\AER201\aer201.X\main.asm
                Delay44us   0x0004d4    program     static C:\Users\micha\Documents\AER201\AER201\aer201.X\main.asm
            Delay44usLoop   0x0004d8    program     static C:\Users\micha\Documents\AER201\AER201\aer201.X\main.asm
                 Delay5ms   0x0004c6    program     static C:\Users\micha\Documents\AER201\AER201\aer201.X\main.asm
             Delay5msLoop   0x0004ca    program     static C:\Users\micha\Documents\AER201\AER201\aer201.X\main.asm
               EndIfEnter   0x000400    program     static C:\Users\micha\Documents\AER201\AER201\aer201.X\main.asm
          EndIfScrollLeft   0x0003ae    program     static C:\Users\micha\Documents\AER201\AER201\aer201.X\main.asm
         EndIfScrollRight   0x000370    program     static C:\Users\micha\Documents\AER201\AER201\aer201.X\main.asm
                EnterFive   0x000414    program     static C:\Users\micha\Documents\AER201\AER201\aer201.X\main.asm
                EnterFour   0x000412    program     static C:\Users\micha\Documents\AER201\AER201\aer201.X\main.asm
                 EnterOne   0x000404    program     static C:\Users\micha\Documents\AER201\AER201\aer201.X\main.asm
               EnterThree   0x000410    program     static C:\Users\micha\Documents\AER201\AER201\aer201.X\main.asm
                 EnterTwo   0x00040a    program     static C:\Users\micha\Documents\AER201\AER201\aer201.X\main.asm
            InitializeLCD   0x000416    program     static C:\Users\micha\Documents\AER201\AER201\aer201.X\main.asm
                Interrupt   0x0004de    program     static C:\Users\micha\Documents\AER201\AER201\aer201.X\main.asm
    LeftButtonJustPressed   0x00038e    program     static C:\Users\micha\Documents\AER201\AER201\aer201.X\main.asm
               LeftPushed   0x00038a    program     static C:\Users\micha\Documents\AER201\AER201\aer201.X\main.asm
                Loop16LCD   0x00048e    program     static C:\Users\micha\Documents\AER201\AER201\aer201.X\main.asm
                     Main   0x000116    program     static C:\Users\micha\Documents\AER201\AER201\aer201.X\main.asm
                 MainLoop   0x00013a    program     static C:\Users\micha\Documents\AER201\AER201\aer201.X\main.asm
                  MoveMSB   0x00049a    program     static C:\Users\micha\Documents\AER201\AER201\aer201.X\main.asm
                 PowerOff   0x0004e0    program     static C:\Users\micha\Documents\AER201\AER201\aer201.X\main.asm
               QuitPushed   0x000342    program     static C:\Users\micha\Documents\AER201\AER201\aer201.X\main.asm
   RightButtonJustPressed   0x000350    program     static C:\Users\micha\Documents\AER201\AER201\aer201.X\main.asm
              RightPushed   0x00034c    program     static C:\Users\micha\Documents\AER201\AER201\aer201.X\main.asm
            ScrollDownOne   0x000374    program     static C:\Users\micha\Documents\AER201\AER201\aer201.X\main.asm
          ScrollDownThree   0x000382    program     static C:\Users\micha\Documents\AER201\AER201\aer201.X\main.asm
            ScrollDownTwo   0x00037a    program     static C:\Users\micha\Documents\AER201\AER201\aer201.X\main.asm
              ScrollUpOne   0x0003b2    program     static C:\Users\micha\Documents\AER201\AER201\aer201.X\main.asm
            ScrollUpThree   0x0003c0    program     static C:\Users\micha\Documents\AER201\AER201\aer201.X\main.asm
              ScrollUpTwo   0x0003b8    program     static C:\Users\micha\Documents\AER201\AER201\aer201.X\main.asm
  SelectButtonJustPressed   0x0003cc    program     static C:\Users\micha\Documents\AER201\AER201\aer201.X\main.asm
           SelectedPushed   0x0003c8    program     static C:\Users\micha\Documents\AER201\AER201\aer201.X\main.asm
                SubMenu00   0x000222    program     static C:\Users\micha\Documents\AER201\AER201\aer201.X\main.asm
                SubMenu01   0x00023a    program     static C:\Users\micha\Documents\AER201\AER201\aer201.X\main.asm
                SubMenu02   0x000252    program     static C:\Users\micha\Documents\AER201\AER201\aer201.X\main.asm
                SubMenu03   0x00026a    program     static C:\Users\micha\Documents\AER201\AER201\aer201.X\main.asm
                SubMenu04   0x000282    program     static C:\Users\micha\Documents\AER201\AER201\aer201.X\main.asm
                SubMenu05   0x00029a    program     static C:\Users\micha\Documents\AER201\AER201\aer201.X\main.asm
                SubMenu06   0x0002b2    program     static C:\Users\micha\Documents\AER201\AER201\aer201.X\main.asm
                SubMenu07   0x0002ca    program     static C:\Users\micha\Documents\AER201\AER201\aer201.X\main.asm
                SubMenu08   0x0002e2    program     static C:\Users\micha\Documents\AER201\AER201\aer201.X\main.asm
                SubMenu10   0x0002fa    program     static C:\Users\micha\Documents\AER201\AER201\aer201.X\main.asm
                SubMenu11   0x000312    program     static C:\Users\micha\Documents\AER201\AER201\aer201.X\main.asm
                SubMenu12   0x00032a    program     static C:\Users\micha\Documents\AER201\AER201\aer201.X\main.asm
          TableMenuTitle0   0x00001a    program     static C:\Users\micha\Documents\AER201\AER201\aer201.X\main.asm
         TableMenuTitle00   0x00003e    program     static C:\Users\micha\Documents\AER201\AER201\aer201.X\main.asm
         TableMenuTitle01   0x000050    program     static C:\Users\micha\Documents\AER201\AER201\aer201.X\main.asm
         TableMenuTitle02   0x000062    program     static C:\Users\micha\Documents\AER201\AER201\aer201.X\main.asm
         TableMenuTitle03   0x000074    program     static C:\Users\micha\Documents\AER201\AER201\aer201.X\main.asm
         TableMenuTitle04   0x000086    program     static C:\Users\micha\Documents\AER201\AER201\aer201.X\main.asm
         TableMenuTitle05   0x000098    program     static C:\Users\micha\Documents\AER201\AER201\aer201.X\main.asm
         TableMenuTitle06   0x0000aa    program     static C:\Users\micha\Documents\AER201\AER201\aer201.X\main.asm
         TableMenuTitle07   0x0000bc    program     static C:\Users\micha\Documents\AER201\AER201\aer201.X\main.asm
         TableMenuTitle08   0x0000ce    program     static C:\Users\micha\Documents\AER201\AER201\aer201.X\main.asm
          TableMenuTitle1   0x00002c    program     static C:\Users\micha\Documents\AER201\AER201\aer201.X\main.asm
         TableMenuTitle10   0x0000e0    program     static C:\Users\micha\Documents\AER201\AER201\aer201.X\main.asm
         TableMenuTitle11   0x0000f2    program     static C:\Users\micha\Documents\AER201\AER201\aer201.X\main.asm
         TableMenuTitle12   0x000104    program     static C:\Users\micha\Documents\AER201\AER201\aer201.X\main.asm
                 TopMenu0   0x0001f2    program     static C:\Users\micha\Documents\AER201\AER201\aer201.X\main.asm
                 TopMenu1   0x00020a    program     static C:\Users\micha\Documents\AER201\AER201\aer201.X\main.asm
            UpdateDisplay   0x000160    program     static C:\Users\micha\Documents\AER201\AER201\aer201.X\main.asm
         Write16DataToLCD   0x00048a    program     static C:\Users\micha\Documents\AER201\AER201\aer201.X\main.asm
           WriteDataToLCD   0x00046a    program     static C:\Users\micha\Documents\AER201\AER201\aer201.X\main.asm
           WriteInstToLCD   0x00044a    program     static C:\Users\micha\Documents\AER201\AER201\aer201.X\main.asm



                              Symbols - Sorted by Address
                     Name    Address   Location    Storage File                     
                ---------  ---------  ---------  --------- ---------                
          TableMenuTitle0   0x00001a    program     static C:\Users\micha\Documents\AER201\AER201\aer201.X\main.asm
          TableMenuTitle1   0x00002c    program     static C:\Users\micha\Documents\AER201\AER201\aer201.X\main.asm
         TableMenuTitle00   0x00003e    program     static C:\Users\micha\Documents\AER201\AER201\aer201.X\main.asm
         TableMenuTitle01   0x000050    program     static C:\Users\micha\Documents\AER201\AER201\aer201.X\main.asm
         TableMenuTitle02   0x000062    program     static C:\Users\micha\Documents\AER201\AER201\aer201.X\main.asm
         TableMenuTitle03   0x000074    program     static C:\Users\micha\Documents\AER201\AER201\aer201.X\main.asm
         TableMenuTitle04   0x000086    program     static C:\Users\micha\Documents\AER201\AER201\aer201.X\main.asm
         TableMenuTitle05   0x000098    program     static C:\Users\micha\Documents\AER201\AER201\aer201.X\main.asm
         TableMenuTitle06   0x0000aa    program     static C:\Users\micha\Documents\AER201\AER201\aer201.X\main.asm
         TableMenuTitle07   0x0000bc    program     static C:\Users\micha\Documents\AER201\AER201\aer201.X\main.asm
         TableMenuTitle08   0x0000ce    program     static C:\Users\micha\Documents\AER201\AER201\aer201.X\main.asm
         TableMenuTitle10   0x0000e0    program     static C:\Users\micha\Documents\AER201\AER201\aer201.X\main.asm
         TableMenuTitle11   0x0000f2    program     static C:\Users\micha\Documents\AER201\AER201\aer201.X\main.asm
         TableMenuTitle12   0x000104    program     static C:\Users\micha\Documents\AER201\AER201\aer201.X\main.asm
                     Main   0x000116    program     static C:\Users\micha\Documents\AER201\AER201\aer201.X\main.asm
                 MainLoop   0x00013a    program     static C:\Users\micha\Documents\AER201\AER201\aer201.X\main.asm
            UpdateDisplay   0x000160    program     static C:\Users\micha\Documents\AER201\AER201\aer201.X\main.asm
                 TopMenu0   0x0001f2    program     static C:\Users\micha\Documents\AER201\AER201\aer201.X\main.asm
                 TopMenu1   0x00020a    program     static C:\Users\micha\Documents\AER201\AER201\aer201.X\main.asm
                SubMenu00   0x000222    program     static C:\Users\micha\Documents\AER201\AER201\aer201.X\main.asm
                SubMenu01   0x00023a    program     static C:\Users\micha\Documents\AER201\AER201\aer201.X\main.asm
                SubMenu02   0x000252    program     static C:\Users\micha\Documents\AER201\AER201\aer201.X\main.asm
                SubMenu03   0x00026a    program     static C:\Users\micha\Documents\AER201\AER201\aer201.X\main.asm
                SubMenu04   0x000282    program     static C:\Users\micha\Documents\AER201\AER201\aer201.X\main.asm
                SubMenu05   0x00029a    program     static C:\Users\micha\Documents\AER201\AER201\aer201.X\main.asm
                SubMenu06   0x0002b2    program     static C:\Users\micha\Documents\AER201\AER201\aer201.X\main.asm
                SubMenu07   0x0002ca    program     static C:\Users\micha\Documents\AER201\AER201\aer201.X\main.asm
                SubMenu08   0x0002e2    program     static C:\Users\micha\Documents\AER201\AER201\aer201.X\main.asm
                SubMenu10   0x0002fa    program     static C:\Users\micha\Documents\AER201\AER201\aer201.X\main.asm
                SubMenu11   0x000312    program     static C:\Users\micha\Documents\AER201\AER201\aer201.X\main.asm
                SubMenu12   0x00032a    program     static C:\Users\micha\Documents\AER201\AER201\aer201.X\main.asm
               QuitPushed   0x000342    program     static C:\Users\micha\Documents\AER201\AER201\aer201.X\main.asm
        ButtonJustPressed   0x000346    program     static C:\Users\micha\Documents\AER201\AER201\aer201.X\main.asm
              RightPushed   0x00034c    program     static C:\Users\micha\Documents\AER201\AER201\aer201.X\main.asm
   RightButtonJustPressed   0x000350    program     static C:\Users\micha\Documents\AER201\AER201\aer201.X\main.asm
         EndIfScrollRight   0x000370    program     static C:\Users\micha\Documents\AER201\AER201\aer201.X\main.asm
            ScrollDownOne   0x000374    program     static C:\Users\micha\Documents\AER201\AER201\aer201.X\main.asm
            ScrollDownTwo   0x00037a    program     static C:\Users\micha\Documents\AER201\AER201\aer201.X\main.asm
          ScrollDownThree   0x000382    program     static C:\Users\micha\Documents\AER201\AER201\aer201.X\main.asm
               LeftPushed   0x00038a    program     static C:\Users\micha\Documents\AER201\AER201\aer201.X\main.asm
    LeftButtonJustPressed   0x00038e    program     static C:\Users\micha\Documents\AER201\AER201\aer201.X\main.asm
          EndIfScrollLeft   0x0003ae    program     static C:\Users\micha\Documents\AER201\AER201\aer201.X\main.asm
              ScrollUpOne   0x0003b2    program     static C:\Users\micha\Documents\AER201\AER201\aer201.X\main.asm
              ScrollUpTwo   0x0003b8    program     static C:\Users\micha\Documents\AER201\AER201\aer201.X\main.asm
            ScrollUpThree   0x0003c0    program     static C:\Users\micha\Documents\AER201\AER201\aer201.X\main.asm
           SelectedPushed   0x0003c8    program     static C:\Users\micha\Documents\AER201\AER201\aer201.X\main.asm
  SelectButtonJustPressed   0x0003cc    program     static C:\Users\micha\Documents\AER201\AER201\aer201.X\main.asm
               EndIfEnter   0x000400    program     static C:\Users\micha\Documents\AER201\AER201\aer201.X\main.asm
                 EnterOne   0x000404    program     static C:\Users\micha\Documents\AER201\AER201\aer201.X\main.asm
                 EnterTwo   0x00040a    program     static C:\Users\micha\Documents\AER201\AER201\aer201.X\main.asm
               EnterThree   0x000410    program     static C:\Users\micha\Documents\AER201\AER201\aer201.X\main.asm
                EnterFour   0x000412    program     static C:\Users\micha\Documents\AER201\AER201\aer201.X\main.asm
                EnterFive   0x000414    program     static C:\Users\micha\Documents\AER201\AER201\aer201.X\main.asm
            InitializeLCD   0x000416    program     static C:\Users\micha\Documents\AER201\AER201\aer201.X\main.asm
           WriteInstToLCD   0x00044a    program     static C:\Users\micha\Documents\AER201\AER201\aer201.X\main.asm
           WriteDataToLCD   0x00046a    program     static C:\Users\micha\Documents\AER201\AER201\aer201.X\main.asm
         Write16DataToLCD   0x00048a    program     static C:\Users\micha\Documents\AER201\AER201\aer201.X\main.asm
                Loop16LCD   0x00048e    program     static C:\Users\micha\Documents\AER201\AER201\aer201.X\main.asm
                  MoveMSB   0x00049a    program     static C:\Users\micha\Documents\AER201\AER201\aer201.X\main.asm
                 ClearLCD   0x0004ac    program     static C:\Users\micha\Documents\AER201\AER201\aer201.X\main.asm
                 Delay5ms   0x0004c6    program     static C:\Users\micha\Documents\AER201\AER201\aer201.X\main.asm
             Delay5msLoop   0x0004ca    program     static C:\Users\micha\Documents\AER201\AER201\aer201.X\main.asm
                Delay44us   0x0004d4    program     static C:\Users\micha\Documents\AER201\AER201\aer201.X\main.asm
            Delay44usLoop   0x0004d8    program     static C:\Users\micha\Documents\AER201\AER201\aer201.X\main.asm
                Interrupt   0x0004de    program     static C:\Users\micha\Documents\AER201\AER201\aer201.X\main.asm
                 PowerOff   0x0004e0    program     static C:\Users\micha\Documents\AER201\AER201\aer201.X\main.asm


